Archive member included to satisfy reference by file (symbol)

c:/program files (x86)/atmel/studio/7.0/toolchain/avr8/avr8-gnu-toolchain/bin/../lib/gcc/avr/4.9.2/avr5\libgcc.a(_exit.o)
                              C:/Program Files (x86)/Atmel/Studio/7.0/Packs/atmel/ATmega_DFP/1.1.130/gcc/dev/atmega328p/avr5/crtatmega328p.o (exit)
c:/program files (x86)/atmel/studio/7.0/toolchain/avr8/avr8-gnu-toolchain/bin/../lib/gcc/avr/4.9.2/avr5\libgcc.a(_copy_data.o)
                              main.o (__do_copy_data)
c:/program files (x86)/atmel/studio/7.0/toolchain/avr8/avr8-gnu-toolchain/bin/../lib/gcc/avr/4.9.2/avr5\libgcc.a(_clear_bss.o)
                              main.o (__do_clear_bss)

Discarded input sections

 .data          0x00000000        0x0 C:/Program Files (x86)/Atmel/Studio/7.0/Packs/atmel/ATmega_DFP/1.1.130/gcc/dev/atmega328p/avr5/crtatmega328p.o
 .bss           0x00000000        0x0 C:/Program Files (x86)/Atmel/Studio/7.0/Packs/atmel/ATmega_DFP/1.1.130/gcc/dev/atmega328p/avr5/crtatmega328p.o
 .text          0x00000000        0x0 main.o
 .data          0x00000000        0x0 main.o
 .bss           0x00000000        0x0 main.o
 .bss.sec       0x00000000        0x2 main.o
 .bss.mili      0x00000000        0x2 main.o
 .bss.val       0x00000000        0x1 main.o
 .data.ad       0x00000000        0x1 main.o
 .text          0x00000000        0x0 Protocols/i2c.o
 .data          0x00000000        0x0 Protocols/i2c.o
 .bss           0x00000000        0x0 Protocols/i2c.o
 .text._ZN11i2cProtocol7twiStopEv
                0x00000000        0x8 Protocols/i2c.o
 .text._ZN11i2cProtocol12setErrorFlagEh
                0x00000000        0x6 Protocols/i2c.o
 .text._ZN11i2cProtocol12getErrorFlagEv
                0x00000000        0x6 Protocols/i2c.o
 .text          0x00000000        0x0 Protocols/spi.o
 .data          0x00000000        0x0 Protocols/spi.o
 .bss           0x00000000        0x0 Protocols/spi.o
 .text._ZN11spiProtocol9slaveInitEv
                0x00000000        0xe Protocols/spi.o
 .text._ZN11spiProtocol12slaveReceiveEv
                0x00000000        0xa Protocols/spi.o
 .text          0x00000000        0x0 Protocols/uart.o
 .data          0x00000000        0x0 Protocols/uart.o
 .bss           0x00000000        0x0 Protocols/uart.o
 .text._ZN12uartProtocol7receiveEv
                0x00000000       0x10 Protocols/uart.o
 .text          0x00000000        0x0 src/camera.o
 .data          0x00000000        0x0 src/camera.o
 .bss           0x00000000        0x0 src/camera.o
 .text          0x00000000        0x0 src/display.o
 .data          0x00000000        0x0 src/display.o
 .bss           0x00000000        0x0 src/display.o
 .debug_info    0x00000000       0x5d src/display.o
 .debug_abbrev  0x00000000       0x26 src/display.o
 .debug_aranges
                0x00000000       0x18 src/display.o
 .debug_line    0x00000000       0x1a src/display.o
 .debug_str     0x00000000      0x1a8 src/display.o
 .comment       0x00000000       0x31 src/display.o
 .text          0x00000000        0x0 src/sdcard.o
 .data          0x00000000        0x0 src/sdcard.o
 .bss           0x00000000        0x0 src/sdcard.o
 .text._ZN11sdcardClass4readEv
                0x00000000       0x18 src/sdcard.o
 .text._ZN11sdcardClass9eraseDataEv
                0x00000000        0x2 src/sdcard.o
 .text          0x00000000        0x0 src/wlan.o
 .data          0x00000000        0x0 src/wlan.o
 .bss           0x00000000        0x0 src/wlan.o
 .text._ZN9wlanClass7receiveEv
                0x00000000        0x6 src/wlan.o
 .text          0x00000000        0x0 systemLevel.o
 .data          0x00000000        0x0 systemLevel.o
 .bss           0x00000000        0x0 systemLevel.o
 .text          0x00000000        0x0 c:/program files (x86)/atmel/studio/7.0/toolchain/avr8/avr8-gnu-toolchain/bin/../lib/gcc/avr/4.9.2/avr5\libgcc.a(_exit.o)
 .data          0x00000000        0x0 c:/program files (x86)/atmel/studio/7.0/toolchain/avr8/avr8-gnu-toolchain/bin/../lib/gcc/avr/4.9.2/avr5\libgcc.a(_exit.o)
 .bss           0x00000000        0x0 c:/program files (x86)/atmel/studio/7.0/toolchain/avr8/avr8-gnu-toolchain/bin/../lib/gcc/avr/4.9.2/avr5\libgcc.a(_exit.o)
 .text.libgcc.mul
                0x00000000        0x0 c:/program files (x86)/atmel/studio/7.0/toolchain/avr8/avr8-gnu-toolchain/bin/../lib/gcc/avr/4.9.2/avr5\libgcc.a(_exit.o)
 .text.libgcc.div
                0x00000000        0x0 c:/program files (x86)/atmel/studio/7.0/toolchain/avr8/avr8-gnu-toolchain/bin/../lib/gcc/avr/4.9.2/avr5\libgcc.a(_exit.o)
 .text.libgcc   0x00000000        0x0 c:/program files (x86)/atmel/studio/7.0/toolchain/avr8/avr8-gnu-toolchain/bin/../lib/gcc/avr/4.9.2/avr5\libgcc.a(_exit.o)
 .text.libgcc.prologue
                0x00000000        0x0 c:/program files (x86)/atmel/studio/7.0/toolchain/avr8/avr8-gnu-toolchain/bin/../lib/gcc/avr/4.9.2/avr5\libgcc.a(_exit.o)
 .text.libgcc.builtins
                0x00000000        0x0 c:/program files (x86)/atmel/studio/7.0/toolchain/avr8/avr8-gnu-toolchain/bin/../lib/gcc/avr/4.9.2/avr5\libgcc.a(_exit.o)
 .text.libgcc.fmul
                0x00000000        0x0 c:/program files (x86)/atmel/studio/7.0/toolchain/avr8/avr8-gnu-toolchain/bin/../lib/gcc/avr/4.9.2/avr5\libgcc.a(_exit.o)
 .text.libgcc.fixed
                0x00000000        0x0 c:/program files (x86)/atmel/studio/7.0/toolchain/avr8/avr8-gnu-toolchain/bin/../lib/gcc/avr/4.9.2/avr5\libgcc.a(_exit.o)
 .text          0x00000000        0x0 c:/program files (x86)/atmel/studio/7.0/toolchain/avr8/avr8-gnu-toolchain/bin/../lib/gcc/avr/4.9.2/avr5\libgcc.a(_copy_data.o)
 .data          0x00000000        0x0 c:/program files (x86)/atmel/studio/7.0/toolchain/avr8/avr8-gnu-toolchain/bin/../lib/gcc/avr/4.9.2/avr5\libgcc.a(_copy_data.o)
 .bss           0x00000000        0x0 c:/program files (x86)/atmel/studio/7.0/toolchain/avr8/avr8-gnu-toolchain/bin/../lib/gcc/avr/4.9.2/avr5\libgcc.a(_copy_data.o)
 .text.libgcc.mul
                0x00000000        0x0 c:/program files (x86)/atmel/studio/7.0/toolchain/avr8/avr8-gnu-toolchain/bin/../lib/gcc/avr/4.9.2/avr5\libgcc.a(_copy_data.o)
 .text.libgcc.div
                0x00000000        0x0 c:/program files (x86)/atmel/studio/7.0/toolchain/avr8/avr8-gnu-toolchain/bin/../lib/gcc/avr/4.9.2/avr5\libgcc.a(_copy_data.o)
 .text.libgcc   0x00000000        0x0 c:/program files (x86)/atmel/studio/7.0/toolchain/avr8/avr8-gnu-toolchain/bin/../lib/gcc/avr/4.9.2/avr5\libgcc.a(_copy_data.o)
 .text.libgcc.prologue
                0x00000000        0x0 c:/program files (x86)/atmel/studio/7.0/toolchain/avr8/avr8-gnu-toolchain/bin/../lib/gcc/avr/4.9.2/avr5\libgcc.a(_copy_data.o)
 .text.libgcc.builtins
                0x00000000        0x0 c:/program files (x86)/atmel/studio/7.0/toolchain/avr8/avr8-gnu-toolchain/bin/../lib/gcc/avr/4.9.2/avr5\libgcc.a(_copy_data.o)
 .text.libgcc.fmul
                0x00000000        0x0 c:/program files (x86)/atmel/studio/7.0/toolchain/avr8/avr8-gnu-toolchain/bin/../lib/gcc/avr/4.9.2/avr5\libgcc.a(_copy_data.o)
 .text.libgcc.fixed
                0x00000000        0x0 c:/program files (x86)/atmel/studio/7.0/toolchain/avr8/avr8-gnu-toolchain/bin/../lib/gcc/avr/4.9.2/avr5\libgcc.a(_copy_data.o)
 .text          0x00000000        0x0 c:/program files (x86)/atmel/studio/7.0/toolchain/avr8/avr8-gnu-toolchain/bin/../lib/gcc/avr/4.9.2/avr5\libgcc.a(_clear_bss.o)
 .data          0x00000000        0x0 c:/program files (x86)/atmel/studio/7.0/toolchain/avr8/avr8-gnu-toolchain/bin/../lib/gcc/avr/4.9.2/avr5\libgcc.a(_clear_bss.o)
 .bss           0x00000000        0x0 c:/program files (x86)/atmel/studio/7.0/toolchain/avr8/avr8-gnu-toolchain/bin/../lib/gcc/avr/4.9.2/avr5\libgcc.a(_clear_bss.o)
 .text.libgcc.mul
                0x00000000        0x0 c:/program files (x86)/atmel/studio/7.0/toolchain/avr8/avr8-gnu-toolchain/bin/../lib/gcc/avr/4.9.2/avr5\libgcc.a(_clear_bss.o)
 .text.libgcc.div
                0x00000000        0x0 c:/program files (x86)/atmel/studio/7.0/toolchain/avr8/avr8-gnu-toolchain/bin/../lib/gcc/avr/4.9.2/avr5\libgcc.a(_clear_bss.o)
 .text.libgcc   0x00000000        0x0 c:/program files (x86)/atmel/studio/7.0/toolchain/avr8/avr8-gnu-toolchain/bin/../lib/gcc/avr/4.9.2/avr5\libgcc.a(_clear_bss.o)
 .text.libgcc.prologue
                0x00000000        0x0 c:/program files (x86)/atmel/studio/7.0/toolchain/avr8/avr8-gnu-toolchain/bin/../lib/gcc/avr/4.9.2/avr5\libgcc.a(_clear_bss.o)
 .text.libgcc.builtins
                0x00000000        0x0 c:/program files (x86)/atmel/studio/7.0/toolchain/avr8/avr8-gnu-toolchain/bin/../lib/gcc/avr/4.9.2/avr5\libgcc.a(_clear_bss.o)
 .text.libgcc.fmul
                0x00000000        0x0 c:/program files (x86)/atmel/studio/7.0/toolchain/avr8/avr8-gnu-toolchain/bin/../lib/gcc/avr/4.9.2/avr5\libgcc.a(_clear_bss.o)
 .text.libgcc.fixed
                0x00000000        0x0 c:/program files (x86)/atmel/studio/7.0/toolchain/avr8/avr8-gnu-toolchain/bin/../lib/gcc/avr/4.9.2/avr5\libgcc.a(_clear_bss.o)

Memory Configuration

Name             Origin             Length             Attributes
text             0x00000000         0x00020000         xr
data             0x00800060         0x0000ffa0         rw !x
eeprom           0x00810000         0x00010000         rw !x
fuse             0x00820000         0x00000003         rw !x
lock             0x00830000         0x00000400         rw !x
signature        0x00840000         0x00000400         rw !x
user_signatures  0x00850000         0x00000400         rw !x
*default*        0x00000000         0xffffffff

Linker script and memory map

Address of section .data set to 0x800100
LOAD C:/Program Files (x86)/Atmel/Studio/7.0/Packs/atmel/ATmega_DFP/1.1.130/gcc/dev/atmega328p/avr5/crtatmega328p.o
LOAD main.o
LOAD Protocols/i2c.o
LOAD Protocols/spi.o
LOAD Protocols/uart.o
LOAD src/camera.o
LOAD src/display.o
LOAD src/sdcard.o
LOAD src/wlan.o
LOAD systemLevel.o
START GROUP
LOAD c:/program files (x86)/atmel/studio/7.0/toolchain/avr8/avr8-gnu-toolchain/bin/../lib/gcc/avr/4.9.2/../../../../avr/lib/avr5\libm.a
END GROUP
LOAD c:/program files (x86)/atmel/studio/7.0/toolchain/avr8/avr8-gnu-toolchain/bin/../lib/gcc/avr/4.9.2/avr5\libgcc.a
LOAD c:/program files (x86)/atmel/studio/7.0/toolchain/avr8/avr8-gnu-toolchain/bin/../lib/gcc/avr/4.9.2/../../../../avr/lib/avr5\libm.a
START GROUP
LOAD c:/program files (x86)/atmel/studio/7.0/toolchain/avr8/avr8-gnu-toolchain/bin/../lib/gcc/avr/4.9.2/avr5\libgcc.a
LOAD c:/program files (x86)/atmel/studio/7.0/toolchain/avr8/avr8-gnu-toolchain/bin/../lib/gcc/avr/4.9.2/../../../../avr/lib/avr5\libm.a
LOAD c:/program files (x86)/atmel/studio/7.0/toolchain/avr8/avr8-gnu-toolchain/bin/../lib/gcc/avr/4.9.2/../../../../avr/lib/avr5\libc.a
LOAD C:/Program Files (x86)/Atmel/Studio/7.0/Packs/atmel/ATmega_DFP/1.1.130/gcc/dev/atmega328p/avr5\libatmega328p.a
END GROUP
                0x00020000                __TEXT_REGION_LENGTH__ = DEFINED (__TEXT_REGION_LENGTH__)?__TEXT_REGION_LENGTH__:0x20000
                0x0000ffa0                __DATA_REGION_LENGTH__ = DEFINED (__DATA_REGION_LENGTH__)?__DATA_REGION_LENGTH__:0xffa0
                0x00010000                __EEPROM_REGION_LENGTH__ = DEFINED (__EEPROM_REGION_LENGTH__)?__EEPROM_REGION_LENGTH__:0x10000
                [0x00000003]                __FUSE_REGION_LENGTH__ = DEFINED (__FUSE_REGION_LENGTH__)?__FUSE_REGION_LENGTH__:0x400
                0x00000400                __LOCK_REGION_LENGTH__ = DEFINED (__LOCK_REGION_LENGTH__)?__LOCK_REGION_LENGTH__:0x400
                0x00000400                __SIGNATURE_REGION_LENGTH__ = DEFINED (__SIGNATURE_REGION_LENGTH__)?__SIGNATURE_REGION_LENGTH__:0x400
                0x00000400                __USER_SIGNATURE_REGION_LENGTH__ = DEFINED (__USER_SIGNATURE_REGION_LENGTH__)?__USER_SIGNATURE_REGION_LENGTH__:0x400

.hash
 *(.hash)

.dynsym
 *(.dynsym)

.dynstr
 *(.dynstr)

.gnu.version
 *(.gnu.version)

.gnu.version_d
 *(.gnu.version_d)

.gnu.version_r
 *(.gnu.version_r)

.rel.init
 *(.rel.init)

.rela.init
 *(.rela.init)

.rel.text
 *(.rel.text)
 *(.rel.text.*)
 *(.rel.gnu.linkonce.t*)

.rela.text
 *(.rela.text)
 *(.rela.text.*)
 *(.rela.gnu.linkonce.t*)

.rel.fini
 *(.rel.fini)

.rela.fini
 *(.rela.fini)

.rel.rodata
 *(.rel.rodata)
 *(.rel.rodata.*)
 *(.rel.gnu.linkonce.r*)

.rela.rodata
 *(.rela.rodata)
 *(.rela.rodata.*)
 *(.rela.gnu.linkonce.r*)

.rel.data
 *(.rel.data)
 *(.rel.data.*)
 *(.rel.gnu.linkonce.d*)

.rela.data
 *(.rela.data)
 *(.rela.data.*)
 *(.rela.gnu.linkonce.d*)

.rel.ctors
 *(.rel.ctors)

.rela.ctors
 *(.rela.ctors)

.rel.dtors
 *(.rel.dtors)

.rela.dtors
 *(.rela.dtors)

.rel.got
 *(.rel.got)

.rela.got
 *(.rela.got)

.rel.bss
 *(.rel.bss)

.rela.bss
 *(.rela.bss)

.rel.plt
 *(.rel.plt)

.rela.plt
 *(.rela.plt)

.text           0x00000000      0x4c4
 *(.vectors)
 .vectors       0x00000000       0x68 C:/Program Files (x86)/Atmel/Studio/7.0/Packs/atmel/ATmega_DFP/1.1.130/gcc/dev/atmega328p/avr5/crtatmega328p.o
                0x00000000                __vector_default
                0x00000000                __vectors
 *(.vectors)
 *(.progmem.gcc*)
                0x00000068                . = ALIGN (0x2)
                0x00000068                __trampolines_start = .
 *(.trampolines)
 .trampolines   0x00000068        0x0 linker stubs
 *(.trampolines*)
                0x00000068                __trampolines_end = .
 *libprintf_flt.a:*(.progmem.data)
 *libc.a:*(.progmem.data)
 *(.progmem*)
                0x00000068                . = ALIGN (0x2)
 *(.jumptables)
 *(.jumptables*)
 *(.lowtext)
 *(.lowtext*)
                0x00000068                __ctors_start = .
 *(.ctors)
                0x00000068                __ctors_end = .
                0x00000068                __dtors_start = .
 *(.dtors)
                0x00000068                __dtors_end = .
 SORT(*)(.ctors)
 SORT(*)(.dtors)
 *(.init0)
 .init0         0x00000068        0x0 C:/Program Files (x86)/Atmel/Studio/7.0/Packs/atmel/ATmega_DFP/1.1.130/gcc/dev/atmega328p/avr5/crtatmega328p.o
                0x00000068                __init
 *(.init0)
 *(.init1)
 *(.init1)
 *(.init2)
 .init2         0x00000068        0xc C:/Program Files (x86)/Atmel/Studio/7.0/Packs/atmel/ATmega_DFP/1.1.130/gcc/dev/atmega328p/avr5/crtatmega328p.o
 *(.init2)
 *(.init3)
 *(.init3)
 *(.init4)
 .init4         0x00000074       0x16 c:/program files (x86)/atmel/studio/7.0/toolchain/avr8/avr8-gnu-toolchain/bin/../lib/gcc/avr/4.9.2/avr5\libgcc.a(_copy_data.o)
                0x00000074                __do_copy_data
 .init4         0x0000008a       0x10 c:/program files (x86)/atmel/studio/7.0/toolchain/avr8/avr8-gnu-toolchain/bin/../lib/gcc/avr/4.9.2/avr5\libgcc.a(_clear_bss.o)
                0x0000008a                __do_clear_bss
 *(.init4)
 *(.init5)
 *(.init5)
 *(.init6)
 *(.init6)
 *(.init7)
 *(.init7)
 *(.init8)
 *(.init8)
 *(.init9)
 .init9         0x0000009a        0x8 C:/Program Files (x86)/Atmel/Studio/7.0/Packs/atmel/ATmega_DFP/1.1.130/gcc/dev/atmega328p/avr5/crtatmega328p.o
 *(.init9)
 *(.text)
 .text          0x000000a2        0x4 C:/Program Files (x86)/Atmel/Studio/7.0/Packs/atmel/ATmega_DFP/1.1.130/gcc/dev/atmega328p/avr5/crtatmega328p.o
                0x000000a2                __vector_22
                0x000000a2                __vector_1
                0x000000a2                __vector_24
                0x000000a2                __vector_12
                0x000000a2                __bad_interrupt
                0x000000a2                __vector_6
                0x000000a2                __vector_3
                0x000000a2                __vector_23
                0x000000a2                __vector_25
                0x000000a2                __vector_11
                0x000000a2                __vector_13
                0x000000a2                __vector_17
                0x000000a2                __vector_19
                0x000000a2                __vector_7
                0x000000a2                __vector_5
                0x000000a2                __vector_4
                0x000000a2                __vector_9
                0x000000a2                __vector_2
                0x000000a2                __vector_21
                0x000000a2                __vector_15
                0x000000a2                __vector_8
                0x000000a2                __vector_14
                0x000000a2                __vector_10
                0x000000a2                __vector_16
                0x000000a2                __vector_18
                0x000000a2                __vector_20
                0x000000a6                . = ALIGN (0x2)
 *(.text.*)
 .text.main     0x000000a6       0x26 main.o
                0x000000a6                main
 .text._ZN11i2cProtocol5twiRdEh
                0x000000cc       0x4e Protocols/i2c.o
                0x000000cc                _ZN11i2cProtocol5twiRdEh
 .text._ZN11i2cProtocol8twiStartEv
                0x0000011a       0x22 Protocols/i2c.o
                0x0000011a                _ZN11i2cProtocol8twiStartEv
 .text._ZN11i2cProtocol7twiAddrEhh
                0x0000013c       0x2c Protocols/i2c.o
                0x0000013c                _ZN11i2cProtocol7twiAddrEhh
 .text._ZN11i2cProtocol12twiWriteByteEhh
                0x00000168       0x2c Protocols/i2c.o
                0x00000168                _ZN11i2cProtocol12twiWriteByteEhh
 .text._ZN11i2cProtocol5writeEhhh
                0x00000194       0x56 Protocols/i2c.o
                0x00000194                _ZN11i2cProtocol5writeEhhh
 .text._ZN11i2cProtocol4readEhh
                0x000001ea       0x7e Protocols/i2c.o
                0x000001ea                _ZN11i2cProtocol4readEhh
 .text._ZN11i2cProtocol5setUpEv
                0x00000268       0x12 Protocols/i2c.o
                0x00000268                _ZN11i2cProtocol5setUpEv
 .text._ZN11spiProtocol10masterInitEv
                0x0000027a        0xe Protocols/spi.o
                0x0000027a                _ZN11spiProtocol10masterInitEv
 .text._ZN11spiProtocol13masterTrasmitEc
                0x00000288        0xa Protocols/spi.o
                0x00000288                _ZN11spiProtocol13masterTrasmitEc
 .text._ZN12uartProtocol5setUpEj
                0x00000292       0x18 Protocols/uart.o
                0x00000292                _ZN12uartProtocol5setUpEj
 .text._ZN12uartProtocol8transmitEj
                0x000002aa       0x10 Protocols/uart.o
                0x000002aa                _ZN12uartProtocol8transmitEj
 .text._ZN6camera5setUpEv
                0x000002ba       0x12 src/camera.o
                0x000002ba                _ZN6camera5setUpEv
 .text._ZN11sdcardClass5setUpEv
                0x000002cc        0x2 src/sdcard.o
                0x000002cc                _ZN11sdcardClass5setUpEv
 .text._ZN11sdcardClass5writeEc
                0x000002ce       0x24 src/sdcard.o
                0x000002ce                _ZN11sdcardClass5writeEc
 .text._ZN9wlanClass5setUpEv
                0x000002f2        0xa src/wlan.o
                0x000002f2                _ZN9wlanClass5setUpEv
 .text._ZN9wlanClass8transmitEj
                0x000002fc        0x6 src/wlan.o
                0x000002fc                _ZN9wlanClass8transmitEj
 .text._ZN11systemLevelC2Ev
                0x00000302        0x2 systemLevel.o
                0x00000302                _ZN11systemLevelC1Ev
                0x00000302                _ZN11systemLevelC2Ev
 .text._ZN11systemLevel5setUpEv
                0x00000304       0x36 systemLevel.o
                0x00000304                _ZN11systemLevel5setUpEv
 .text._ZN11systemLevel9takePhotoEv
                0x0000033a      0x186 systemLevel.o
                0x0000033a                _ZN11systemLevel9takePhotoEv
                0x000004c0                . = ALIGN (0x2)
 *(.fini9)
 .fini9         0x000004c0        0x0 c:/program files (x86)/atmel/studio/7.0/toolchain/avr8/avr8-gnu-toolchain/bin/../lib/gcc/avr/4.9.2/avr5\libgcc.a(_exit.o)
                0x000004c0                _exit
                0x000004c0                exit
 *(.fini9)
 *(.fini8)
 *(.fini8)
 *(.fini7)
 *(.fini7)
 *(.fini6)
 *(.fini6)
 *(.fini5)
 *(.fini5)
 *(.fini4)
 *(.fini4)
 *(.fini3)
 *(.fini3)
 *(.fini2)
 *(.fini2)
 *(.fini1)
 *(.fini1)
 *(.fini0)
 .fini0         0x000004c0        0x4 c:/program files (x86)/atmel/studio/7.0/toolchain/avr8/avr8-gnu-toolchain/bin/../lib/gcc/avr/4.9.2/avr5\libgcc.a(_exit.o)
 *(.fini0)
                0x000004c4                _etext = .

.data           0x00800100        0xa load address 0x000004c4
                0x00800100                PROVIDE (__data_start, .)
 *(.data)
 *(.data*)
 .data.test     0x00800100        0x9 systemLevel.o
                0x00800100                test
 *(.rodata)
 *(.rodata*)
 *(.gnu.linkonce.d*)
                0x0080010a                . = ALIGN (0x2)
 *fill*         0x00800109        0x1 
                0x0080010a                _edata = .
                0x0080010a                PROVIDE (__data_end, .)

.bss            0x0080010a        0x3
                0x0080010a                PROVIDE (__bss_start, .)
 *(.bss)
 *(.bss*)
 .bss.dat       0x0080010a        0x1 Protocols/i2c.o
                0x0080010a                dat
 .bss.i         0x0080010b        0x2 systemLevel.o
                0x0080010b                i
 *(COMMON)
                0x0080010d                PROVIDE (__bss_end, .)
                0x000004c4                __data_load_start = LOADADDR (.data)
                0x000004ce                __data_load_end = (__data_load_start + SIZEOF (.data))

.noinit         0x0080010d        0x0
                [!provide]                PROVIDE (__noinit_start, .)
 *(.noinit*)
                [!provide]                PROVIDE (__noinit_end, .)
                0x0080010d                _end = .
                [!provide]                PROVIDE (__heap_start, .)

.eeprom         0x00810000        0x0
 *(.eeprom*)
                0x00810000                __eeprom_end = .

.fuse
 *(.fuse)
 *(.lfuse)
 *(.hfuse)
 *(.efuse)

.lock
 *(.lock*)

.signature
 *(.signature*)

.user_signatures
 *(.user_signatures*)

.stab
 *(.stab)

.stabstr
 *(.stabstr)

.stab.excl
 *(.stab.excl)

.stab.exclstr
 *(.stab.exclstr)

.stab.index
 *(.stab.index)

.stab.indexstr
 *(.stab.indexstr)

.comment        0x00000000       0x30
 *(.comment)
 .comment       0x00000000       0x30 main.o
                                 0x31 (size before relaxing)
 .comment       0x00000030       0x31 Protocols/i2c.o
 .comment       0x00000030       0x31 Protocols/spi.o
 .comment       0x00000030       0x31 Protocols/uart.o
 .comment       0x00000030       0x31 src/camera.o
 .comment       0x00000030       0x31 src/sdcard.o
 .comment       0x00000030       0x31 src/wlan.o
 .comment       0x00000030       0x31 systemLevel.o

.note.gnu.avr.deviceinfo
                0x00000000       0x40
 .note.gnu.avr.deviceinfo
                0x00000000       0x40 C:/Program Files (x86)/Atmel/Studio/7.0/Packs/atmel/ATmega_DFP/1.1.130/gcc/dev/atmega328p/avr5/crtatmega328p.o

.note.gnu.build-id
 *(.note.gnu.build-id)

.debug
 *(.debug)

.line
 *(.line)

.debug_srcinfo
 *(.debug_srcinfo)

.debug_sfnames
 *(.debug_sfnames)

.debug_aranges  0x00000000      0x1a8
 *(.debug_aranges)
 .debug_aranges
                0x00000000       0x20 main.o
 .debug_aranges
                0x00000020       0x68 Protocols/i2c.o
 .debug_aranges
                0x00000088       0x38 Protocols/spi.o
 .debug_aranges
                0x000000c0       0x30 Protocols/uart.o
 .debug_aranges
                0x000000f0       0x20 src/camera.o
 .debug_aranges
                0x00000110       0x38 src/sdcard.o
 .debug_aranges
                0x00000148       0x30 src/wlan.o
 .debug_aranges
                0x00000178       0x30 systemLevel.o

.debug_pubnames
 *(.debug_pubnames)

.debug_info     0x00000000     0x2a06
 *(.debug_info .gnu.linkonce.wi.*)
 .debug_info    0x00000000      0x5f4 C:/Program Files (x86)/Atmel/Studio/7.0/Packs/atmel/ATmega_DFP/1.1.130/gcc/dev/atmega328p/avr5/crtatmega328p.o
 .debug_info    0x000005f4      0x672 main.o
 .debug_info    0x00000c66      0x798 Protocols/i2c.o
 .debug_info    0x000013fe      0x1ca Protocols/spi.o
 .debug_info    0x000015c8      0x179 Protocols/uart.o
 .debug_info    0x00001741       0xbd src/camera.o
 .debug_info    0x000017fe      0x2c7 src/sdcard.o
 .debug_info    0x00001ac5      0x277 src/wlan.o
 .debug_info    0x00001d3c      0xcca systemLevel.o

.debug_abbrev   0x00000000     0x1003
 *(.debug_abbrev)
 .debug_abbrev  0x00000000      0x5a2 C:/Program Files (x86)/Atmel/Studio/7.0/Packs/atmel/ATmega_DFP/1.1.130/gcc/dev/atmega328p/avr5/crtatmega328p.o
 .debug_abbrev  0x000005a2      0x185 main.o
 .debug_abbrev  0x00000727      0x21e Protocols/i2c.o
 .debug_abbrev  0x00000945       0xde Protocols/spi.o
 .debug_abbrev  0x00000a23       0xd1 Protocols/uart.o
 .debug_abbrev  0x00000af4       0x8d src/camera.o
 .debug_abbrev  0x00000b81      0x155 src/sdcard.o
 .debug_abbrev  0x00000cd6       0xec src/wlan.o
 .debug_abbrev  0x00000dc2      0x241 systemLevel.o

.debug_line     0x00000000      0xc05
 *(.debug_line .debug_line.* .debug_line_end)
 .debug_line    0x00000000      0x133 C:/Program Files (x86)/Atmel/Studio/7.0/Packs/atmel/ATmega_DFP/1.1.130/gcc/dev/atmega328p/avr5/crtatmega328p.o
 .debug_line    0x00000133      0x13a main.o
 .debug_line    0x0000026d      0x31d Protocols/i2c.o
 .debug_line    0x0000058a       0xcb Protocols/spi.o
 .debug_line    0x00000655       0xbb Protocols/uart.o
 .debug_line    0x00000710       0x69 src/camera.o
 .debug_line    0x00000779       0xda src/sdcard.o
 .debug_line    0x00000853       0x9d src/wlan.o
 .debug_line    0x000008f0      0x315 systemLevel.o

.debug_frame    0x00000000      0x2f0
 *(.debug_frame)
 .debug_frame   0x00000000       0x34 main.o
 .debug_frame   0x00000034       0xf0 Protocols/i2c.o
 .debug_frame   0x00000124       0x54 Protocols/spi.o
 .debug_frame   0x00000178       0x44 Protocols/uart.o
 .debug_frame   0x000001bc       0x24 src/camera.o
 .debug_frame   0x000001e0       0x70 src/sdcard.o
 .debug_frame   0x00000250       0x44 src/wlan.o
 .debug_frame   0x00000294       0x5c systemLevel.o

.debug_str      0x00000000      0x9cb
 *(.debug_str)
 .debug_str     0x00000000      0x208 C:/Program Files (x86)/Atmel/Studio/7.0/Packs/atmel/ATmega_DFP/1.1.130/gcc/dev/atmega328p/avr5/crtatmega328p.o
 .debug_str     0x00000208      0x68a main.o
                                0x6cd (size before relaxing)
 .debug_str     0x00000892       0x96 Protocols/i2c.o
                                0x3b8 (size before relaxing)
 .debug_str     0x00000928       0x1c Protocols/spi.o
                                0x290 (size before relaxing)
 .debug_str     0x00000944       0x1b Protocols/uart.o
                                0x22c (size before relaxing)
 .debug_str     0x0000095f       0x12 src/camera.o
                                0x1c7 (size before relaxing)
 .debug_str     0x00000971       0x12 src/sdcard.o
                                0x314 (size before relaxing)
 .debug_str     0x00000983       0x10 src/wlan.o
                                0x298 (size before relaxing)
 .debug_str     0x00000993       0x38 systemLevel.o
                                0x73d (size before relaxing)

.debug_loc      0x00000000      0x877
 *(.debug_loc)
 .debug_loc     0x00000000       0x48 main.o
 .debug_loc     0x00000048      0x4b3 Protocols/i2c.o
 .debug_loc     0x000004fb       0x72 Protocols/spi.o
 .debug_loc     0x0000056d       0x72 Protocols/uart.o
 .debug_loc     0x000005df       0x26 src/camera.o
 .debug_loc     0x00000605      0x103 src/sdcard.o
 .debug_loc     0x00000708       0x98 src/wlan.o
 .debug_loc     0x000007a0       0xd7 systemLevel.o

.debug_macinfo
 *(.debug_macinfo)

.debug_weaknames
 *(.debug_weaknames)

.debug_funcnames
 *(.debug_funcnames)

.debug_typenames
 *(.debug_typenames)

.debug_varnames
 *(.debug_varnames)

.debug_pubtypes
 *(.debug_pubtypes)

.debug_ranges   0x00000000      0x128
 *(.debug_ranges)
 .debug_ranges  0x00000000       0x10 main.o
 .debug_ranges  0x00000010       0x58 Protocols/i2c.o
 .debug_ranges  0x00000068       0x28 Protocols/spi.o
 .debug_ranges  0x00000090       0x20 Protocols/uart.o
 .debug_ranges  0x000000b0       0x10 src/camera.o
 .debug_ranges  0x000000c0       0x28 src/sdcard.o
 .debug_ranges  0x000000e8       0x20 src/wlan.o
 .debug_ranges  0x00000108       0x20 systemLevel.o

.debug_macro
 *(.debug_macro)
OUTPUT(CameraSystem.elf elf32-avr)
LOAD linker stubs
